// Jest Snapshot v1, https://goo.gl/fbAQLP

exports[`Booking Confirmation page should execute getServerSideProps with gb locale 1`] = `
{
  "props": {
    "amendBookingStatus": "success",
    "bookingSpinnerConfig": [],
    "confirmationInput": {
      "basketReference": "AWM-782e1dee-e75e-4f85-9741-c7acf3d31d6c",
      "bookingReference": "AWM8159458",
      "country": "gb",
      "language": "en",
    },
    "data": {},
    "error": {
      "message": "",
    },
    "featureToggles": {
      "release_ib_enabled": true,
    },
    "isError": false,
    "isLoading": false,
    "tempBookingReference": "AWM-782e1dee-e75e-4f85-9741-c7acf3d31d6c",
  },
}
`;

exports[`Booking Confirmation page should match the snapshot 1`] = `
<div>
  <div
    data-testid="DefaultLayout"
  >
    <div
      data-testid="ErrorBoundary"
    >
      <div
        data-testid="BookingConfirmationPage"
      />
    </div>
  </div>
</div>
`;
