// Jest Snapshot v1, https://goo.gl/fbAQLP

exports[`Amend Details page should execute getServerSideProps with de locale 1`] = `
{
  "props": {
    "confirmationInput": {
      "basketReference": "AWM-782e1dee-e75e-4f85-9741-c7acf3d31d6c",
      "bookingReference": "AWM8159458",
      "country": "gb",
      "language": "en",
    },
    "data": {},
    "error": {
      "message": "",
    },
    "featureToggles": {
      "testFeature": true,
    },
    "isError": false,
    "isLoading": false,
    "pcksQueryInput": {
      "adultsNumber": 1,
      "basketReferenceId": "",
      "bookingFlowId": "",
      "childrenNumber": 1,
      "country": "",
      "endDate": "",
      "hotelId": "",
      "language": "",
      "nightsNumber": 1,
      "startDate": "",
    },
  },
}
`;

exports[`Amend Details page should execute getServerSideProps with gb locale 1`] = `
{
  "props": {
    "confirmationInput": {
      "basketReference": "AWM-782e1dee-e75e-4f85-9741-c7acf3d31d6c",
      "bookingReference": "AWM8159458",
      "country": "gb",
      "language": "en",
    },
    "data": {},
    "error": {
      "message": "",
    },
    "featureToggles": {
      "testFeature": true,
    },
    "isError": false,
    "isLoading": false,
    "pcksQueryInput": {
      "adultsNumber": 1,
      "basketReferenceId": "",
      "bookingFlowId": "",
      "childrenNumber": 1,
      "country": "",
      "endDate": "",
      "hotelId": "",
      "language": "",
      "nightsNumber": 1,
      "startDate": "",
    },
  },
}
`;

exports[`Amend Details page should match the snapshot 1`] = `
<div>
  <div
    data-testid="DefaultLayout"
  >
    <div
      data-testid="ErrorBoundary"
    >
      <div
        data-testid="DetailsPage"
      />
    </div>
  </div>
</div>
`;
