// Jest Snapshot v1, https://goo.gl/fbAQLP

exports[`Booking Confirmation page should match the snapshot 1`] = `
<div>
  <div
    data-testid="DefaultLayout"
  >
    <div
      data-testid="ErrorBoundary"
    >
      <div
        data-testid="BookingConfirmationPage"
      />
    </div>
  </div>
</div>
`;
