// Jest Snapshot v1, https://goo.gl/fbAQLP

exports[`App page should execute getServerSideProps with gb locale 1`] = `
{
  "redirect": {
    "destination": "/auth/login?returnTo=/",
    "permanent": false,
  },
}
`;

exports[`App page should match the snapshot 1`] = `
<div>
  <div
    data-testid="DefaultLayout"
  >
    <div
      data-testid="ErrorBoundary"
    >
      <div
        data-testid="Search"
      />
    </div>
  </div>
  <span
    hidden=""
    id="__chakra_env"
  />
</div>
`;
