// Jest Snapshot v1, https://goo.gl/fbAQLP

exports[`ConfirmationPage page should match the snapshot layout 1`] = `
<div>
  <div
    data-testid="ConfirmationLayout"
  >
    <div
      data-testid="ErrorBoundary"
    >
      <div
        data-testid="confirmation"
      />
    </div>
  </div>
</div>
`;
