// Jest Snapshot v1, https://goo.gl/fbAQLP

exports[`Register Page should execute getServerSideProps with de locale 1`] = `
{
  "props": {
    "data": {},
    "error": {
      "message": "",
    },
    "featureToggles": {
      "feature1": true,
    },
    "isError": false,
    "isLoading": false,
  },
}
`;

exports[`Register Page should execute getServerSideProps with gb locale 1`] = `
{
  "props": {
    "data": {},
    "error": {
      "message": "",
    },
    "featureToggles": {
      "feature1": true,
    },
    "isError": false,
    "isLoading": false,
  },
}
`;

exports[`Register Page should match the snapshot 1`] = `
<div>
  <div
    data-testid="DefaultLayout"
  >
    <div
      data-testid="ErrorBoundary"
    >
      <div
        data-testid="MockPage"
      />
    </div>
  </div>
</div>
`;
