// Jest Snapshot v1, https://goo.gl/fbAQLP

exports[`App page should match the snapshot with false 1`] = `
<div>
  <div
    data-testid="AppDataProvider"
  >
    <div
      data-testid="AppProviders"
    >
      <div
        data-testid="AuthIframe"
      />
      <div
        data-testid="DefaultLayout"
      >
        <div
          data-testid="ErrorBoundary"
        >
          <div>
            test
          </div>
        </div>
      </div>
      <div
        data-testid="CookiePoliciesModalContainer"
      />
    </div>
    <div
      data-testid="ScriptsEmbed"
    />
  </div>
</div>
`;

exports[`App page should match the snapshot with feature toggle ON 1`] = `
<div>
  <div
    data-testid="AppDataProvider"
  >
    <div
      data-testid="AppProviders"
    >
      <div
        data-testid="AuthIframe"
      />
      <div
        data-testid="DefaultLayout"
      >
        <div
          data-testid="ErrorBoundary"
        >
          <div>
            test
          </div>
        </div>
      </div>
      <div
        data-testid="CookiePoliciesModalContainer"
      />
    </div>
    <div
      data-testid="ScriptsEmbed"
    />
  </div>
</div>
`;
