// Jest Snapshot v1, https://goo.gl/fbAQLP

exports[`Add To Wallet page should execute getServerSideProps with gb locale 1`] = `
{
  "props": {
    "data": {},
    "dehydratedState": {
      "queries": [],
    },
    "error": {
      "message": "",
    },
    "featureToggles": {},
    "isError": false,
    "isLoading": false,
    "staticData": {},
  },
}
`;

exports[`Add To Wallet page should match the snapshot 1`] = `
<div>
  <div
    data-testid="AddToWalletLayout"
  >
    <div
      data-testid="ErrorBoundary"
    >
      <div
        data-testid="AddToWalletPagePi"
      />
    </div>
  </div>
</div>
`;

exports[`Add To Wallet page should match the snapshot with user details business undefined 1`] = `
<div>
  <div
    data-testid="AddToWalletLayout"
  >
    <div
      data-testid="ErrorBoundary"
    >
      <div
        data-testid="AddToWalletPagePi"
      />
    </div>
  </div>
</div>
`;

exports[`Add To Wallet page should match the snapshot with user details undefined 1`] = `
<div>
  <div
    data-testid="AddToWalletLayout"
  >
    <div
      data-testid="ErrorBoundary"
    >
      <div
        data-testid="AddToWalletPagePi"
      />
    </div>
  </div>
</div>
`;
