// Jest Snapshot v1, https://goo.gl/fbAQLP

exports[`Guest Details page should execute getServerSideProps with de locale 1`] = `
{
  "props": {
    "data": {},
    "error": {
      "message": "",
    },
    "featureToggles": {
      "release_pi_bb_account_serv_2_serv": true,
      "release_pi_bb_ccui_get_basket_details_redis": true,
    },
    "isError": false,
    "isLoading": false,
    "userEmail": null,
  },
}
`;

exports[`Guest Details page should execute getServerSideProps with gb locale 1`] = `
{
  "props": {
    "data": {},
    "error": {
      "message": "",
    },
    "featureToggles": {
      "release_pi_bb_account_serv_2_serv": true,
      "release_pi_bb_ccui_get_basket_details_redis": true,
    },
    "isError": false,
    "isLoading": false,
    "userEmail": null,
  },
}
`;

exports[`Guest Details page should execute getServerSideProps with gb locale 2`] = `
{
  "props": {
    "data": {},
    "error": {
      "message": "",
    },
    "featureToggles": {
      "release_pi_bb_account_serv_2_serv": true,
      "release_pi_bb_ccui_get_basket_details_redis": true,
    },
    "isError": false,
    "isLoading": false,
    "userEmail": null,
  },
}
`;

exports[`Guest Details page should match the snapshot 1`] = `
<div>
  <div
    data-testid="GuestDetailsLayout"
  >
    <div
      data-testid="ErrorBoundary"
    >
      <div
        data-testid="MockPage"
      />
    </div>
  </div>
</div>
`;
