// Jest Snapshot v1, https://goo.gl/fbAQLP

exports[`Home page should execute getServerSideProps with gb locale 1`] = `
{
  "props": {
    "data": {},
    "dehydratedState": {
      "mutations": [],
      "queries": [],
    },
    "error": {
      "message": "",
    },
    "idTokenCookie": "id_token_cookie",
    "isError": false,
    "isLoading": false,
  },
}
`;

exports[`Home page should match the snapshot 1`] = `
<div>
  <div />
  <div
    data-testid="SearchPage"
  />
  <button
    class="chakra-button css-1gi7w0t"
    type="button"
  >
    <p
      class="chakra-text css-0"
    >
      Display
       Login Panel
    </p>
  </button>
  <div
    class="css-1h6r706"
    data-testid="hub-london-kings-cross-hdp-link"
  >
    <a
      href="/gb/en/hotels/england/greater-london/london/hub-london-kings-cross.html?searchLocation=London&ARRdd=25&ARRmm=12&ARRyyyy=2022&NIGHTS=4&ROOMS=1&ADULT1=1&CHILD1=0&COT1=0&INTTYP1=DB&BRAND=PI"
    >
      Go to Hub London Kings Cross HDP →
    </a>
  </div>
  <div
    class="css-1n91fbz"
    data-testid="london-kings-cross-hdp-link"
  >
    <a
      href="/gb/en/hotels/england/greater-london/london/london-kings-cross.html?searchLocation=London&ARRdd=25&ARRmm=12&ARRyyyy=2022&NIGHTS=4&ROOMS=1&ADULT1=1&CHILD1=0&COT1=0&INTTYP1=DB&BRAND=PI"
    >
      Go to London Kings Cross HDP →
    </a>
  </div>
  <div
    class="css-1n91fbz"
    data-testid="london-euston-hdp-link"
  >
    <a
      href="/gb/en/hotels/england/greater-london/london/london-euston.html?searchLocation=London&ARRdd=25&ARRmm=12&ARRyyyy=2022&NIGHTS=4&ROOMS=1&ADULT1=1&CHILD1=0&COT1=0&INTTYP1=DB&BRAND=PI"
    >
      Go to London Euston HDP →
    </a>
  </div>
  <div
    class="css-1n91fbz"
    data-testid="manchester-old-trafford-hdp-link"
  >
    <a
      href="/gb/en/hotels/england/greater-manchester/manchester/manchester-old-trafford.html?searchLocation=London&ARRdd=25&ARRmm=10&ARRyyyy=2022&NIGHTS=4&ROOMS=1&ADULT1=1&CHILD1=0&COT1=0&INTTYP1=DB&BRAND=PI"
    >
      Go to Manchester Old Trafford HDP →
    </a>
  </div>
  <div
    class="css-1n91fbz"
    data-testid="dublin-city-centre-temple-bar-hdp-link"
  >
    <a
      href="/gb/en/hotels/republic-of-ireland/dublin/dublin/dublin-city-centre-temple-bar.html?searchLocation=London&ARRdd=25&ARRmm=12&ARRyyyy=2022&NIGHTS=4&ROOMS=1&ADULT1=1&CHILD1=0&COT1=0&INTTYP1=DB&BRAND=PI"
    >
      Go to Dublin City Centre Temple Bar HDP →
    </a>
  </div>
  <div
    class="css-1n91fbz"
    data-testid="go-to-dashboard-link"
  >
    <a
      href="/gb/en/account/dashboard.html?bookingReference=AQPR431750"
    >
      Go to Dashboard →
    </a>
  </div>
</div>
`;

exports[`Home page should match the snapshot with user details  business undefined 1`] = `
<div>
  <div />
  <div
    data-testid="SearchPage"
  />
  <button
    class="chakra-button css-1gi7w0t"
    type="button"
  >
    <p
      class="chakra-text css-0"
    >
      Display
       Login Panel
    </p>
  </button>
  <div
    class="css-1h6r706"
    data-testid="hub-london-kings-cross-hdp-link"
  >
    <a
      href="/gb/en/hotels/england/greater-london/london/hub-london-kings-cross.html?searchLocation=London&ARRdd=25&ARRmm=12&ARRyyyy=2022&NIGHTS=4&ROOMS=1&ADULT1=1&CHILD1=0&COT1=0&INTTYP1=DB&BRAND=PI"
    >
      Go to Hub London Kings Cross HDP →
    </a>
  </div>
  <div
    class="css-1n91fbz"
    data-testid="london-kings-cross-hdp-link"
  >
    <a
      href="/gb/en/hotels/england/greater-london/london/london-kings-cross.html?searchLocation=London&ARRdd=25&ARRmm=12&ARRyyyy=2022&NIGHTS=4&ROOMS=1&ADULT1=1&CHILD1=0&COT1=0&INTTYP1=DB&BRAND=PI"
    >
      Go to London Kings Cross HDP →
    </a>
  </div>
  <div
    class="css-1n91fbz"
    data-testid="london-euston-hdp-link"
  >
    <a
      href="/gb/en/hotels/england/greater-london/london/london-euston.html?searchLocation=London&ARRdd=25&ARRmm=12&ARRyyyy=2022&NIGHTS=4&ROOMS=1&ADULT1=1&CHILD1=0&COT1=0&INTTYP1=DB&BRAND=PI"
    >
      Go to London Euston HDP →
    </a>
  </div>
  <div
    class="css-1n91fbz"
    data-testid="manchester-old-trafford-hdp-link"
  >
    <a
      href="/gb/en/hotels/england/greater-manchester/manchester/manchester-old-trafford.html?searchLocation=London&ARRdd=25&ARRmm=10&ARRyyyy=2022&NIGHTS=4&ROOMS=1&ADULT1=1&CHILD1=0&COT1=0&INTTYP1=DB&BRAND=PI"
    >
      Go to Manchester Old Trafford HDP →
    </a>
  </div>
  <div
    class="css-1n91fbz"
    data-testid="dublin-city-centre-temple-bar-hdp-link"
  >
    <a
      href="/gb/en/hotels/republic-of-ireland/dublin/dublin/dublin-city-centre-temple-bar.html?searchLocation=London&ARRdd=25&ARRmm=12&ARRyyyy=2022&NIGHTS=4&ROOMS=1&ADULT1=1&CHILD1=0&COT1=0&INTTYP1=DB&BRAND=PI"
    >
      Go to Dublin City Centre Temple Bar HDP →
    </a>
  </div>
  <div
    class="css-1n91fbz"
    data-testid="go-to-dashboard-link"
  >
    <a
      href="/gb/en/account/dashboard.html?bookingReference=AQPR431750"
    >
      Go to Dashboard →
    </a>
  </div>
</div>
`;

exports[`Home page should match the snapshot with user details undefined 1`] = `
<div>
  <div />
  <div
    data-testid="SearchPage"
  />
  <button
    class="chakra-button css-1gi7w0t"
    type="button"
  >
    <p
      class="chakra-text css-0"
    >
      Display
       Login Panel
    </p>
  </button>
  <div
    class="css-1h6r706"
    data-testid="hub-london-kings-cross-hdp-link"
  >
    <a
      href="/gb/en/hotels/england/greater-london/london/hub-london-kings-cross.html?searchLocation=London&ARRdd=25&ARRmm=12&ARRyyyy=2022&NIGHTS=4&ROOMS=1&ADULT1=1&CHILD1=0&COT1=0&INTTYP1=DB&BRAND=PI"
    >
      Go to Hub London Kings Cross HDP →
    </a>
  </div>
  <div
    class="css-1n91fbz"
    data-testid="london-kings-cross-hdp-link"
  >
    <a
      href="/gb/en/hotels/england/greater-london/london/london-kings-cross.html?searchLocation=London&ARRdd=25&ARRmm=12&ARRyyyy=2022&NIGHTS=4&ROOMS=1&ADULT1=1&CHILD1=0&COT1=0&INTTYP1=DB&BRAND=PI"
    >
      Go to London Kings Cross HDP →
    </a>
  </div>
  <div
    class="css-1n91fbz"
    data-testid="london-euston-hdp-link"
  >
    <a
      href="/gb/en/hotels/england/greater-london/london/london-euston.html?searchLocation=London&ARRdd=25&ARRmm=12&ARRyyyy=2022&NIGHTS=4&ROOMS=1&ADULT1=1&CHILD1=0&COT1=0&INTTYP1=DB&BRAND=PI"
    >
      Go to London Euston HDP →
    </a>
  </div>
  <div
    class="css-1n91fbz"
    data-testid="manchester-old-trafford-hdp-link"
  >
    <a
      href="/gb/en/hotels/england/greater-manchester/manchester/manchester-old-trafford.html?searchLocation=London&ARRdd=25&ARRmm=10&ARRyyyy=2022&NIGHTS=4&ROOMS=1&ADULT1=1&CHILD1=0&COT1=0&INTTYP1=DB&BRAND=PI"
    >
      Go to Manchester Old Trafford HDP →
    </a>
  </div>
  <div
    class="css-1n91fbz"
    data-testid="dublin-city-centre-temple-bar-hdp-link"
  >
    <a
      href="/gb/en/hotels/republic-of-ireland/dublin/dublin/dublin-city-centre-temple-bar.html?searchLocation=London&ARRdd=25&ARRmm=12&ARRyyyy=2022&NIGHTS=4&ROOMS=1&ADULT1=1&CHILD1=0&COT1=0&INTTYP1=DB&BRAND=PI"
    >
      Go to Dublin City Centre Temple Bar HDP →
    </a>
  </div>
  <div
    class="css-1n91fbz"
    data-testid="go-to-dashboard-link"
  >
    <a
      href="/gb/en/account/dashboard.html?bookingReference=AQPR431750"
    >
      Go to Dashboard →
    </a>
  </div>
</div>
`;
