// Jest Snapshot v1, https://goo.gl/fbAQLP

exports[`Reset Password Page page should execute getServerSideProps with gb locale 1`] = `
{
  "props": {
    "dehydratedState": {
      "mutations": [],
      "queries": [],
    },
    "featureToggles": {},
  },
}
`;

exports[`Reset Password Page page should match the snapshot 1`] = `
<div>
  <div
    data-testid="DefaultLayout"
  >
    <div
      data-testid="ErrorBoundary"
    >
      <div
        class="css-1lgxuga"
      >
        <div
          class="css-15agkna"
        >
          <div
            data-testid="NewPassword"
          />
        </div>
        <div
          data-testid="AuthContentManagerBBVariant"
        />
      </div>
    </div>
  </div>
</div>
`;

exports[`Reset Password Page page should match the snapshot with user details  business undefined 1`] = `
<div>
  <div
    data-testid="DefaultLayout"
  >
    <div
      data-testid="ErrorBoundary"
    >
      <div
        class="css-1lgxuga"
      >
        <div
          class="css-15agkna"
        >
          <div
            data-testid="NewPassword"
          />
        </div>
        <div
          data-testid="AuthContentManagerBBVariant"
        />
      </div>
    </div>
  </div>
</div>
`;

exports[`Reset Password Page page should match the snapshot with user details undefined 1`] = `
<div>
  <div
    data-testid="DefaultLayout"
  >
    <div
      data-testid="ErrorBoundary"
    >
      <div
        class="css-1lgxuga"
      >
        <div
          class="css-15agkna"
        >
          <div
            data-testid="NewPassword"
          />
        </div>
        <div
          data-testid="AuthContentManagerBBVariant"
        />
      </div>
    </div>
  </div>
</div>
`;
