// Jest Snapshot v1, https://goo.gl/fbAQLP

exports[`Price Finder page should match the snapshot 1`] = `
<div>
  <div
    data-testid="PriceFinderLayout"
  >
    <div
      data-testid="ErrorBoundary"
    >
      <div
        data-testid="PriceFinderPagePi"
      />
    </div>
  </div>
</div>
`;

exports[`Price Finder page should match the snapshot with user details business undefined 1`] = `
<div>
  <div
    data-testid="PriceFinderLayout"
  >
    <div
      data-testid="ErrorBoundary"
    >
      <div
        data-testid="PriceFinderPagePi"
      />
    </div>
  </div>
</div>
`;

exports[`Price Finder page should match the snapshot with user details undefined 1`] = `
<div>
  <div
    data-testid="PriceFinderLayout"
  >
    <div
      data-testid="ErrorBoundary"
    >
      <div
        data-testid="PriceFinderPagePi"
      />
    </div>
  </div>
</div>
`;
