// Jest Snapshot v1, https://goo.gl/fbAQLP

exports[`Hotel Details page Component should render HotelDetailsPageCCUI 1`] = `
<div>
  <div
    data-testid="HotelDetailsPage"
  />
</div>
`;

exports[`Hotel Details page Component should render with promotionBannerData 1`] = `
<div>
  <div
    data-testid="HotelDetailsPage"
  />
</div>
`;
