// Jest Snapshot v1, https://goo.gl/fbAQLP

exports[`Home page should execute getServerSideProps with gb locale 1`] = `
{
  "props": {
    "data": {},
    "dehydratedState": {
      "mutations": [],
      "queries": [],
    },
    "error": {
      "message": "",
    },
    "isError": false,
    "isLoading": false,
  },
}
`;

exports[`Home page should match the snapshot with user details 1`] = `<div />`;
