// Jest Snapshot v1, https://goo.gl/fbAQLP

exports[`Home page should execute getServerSideProps with gb locale 1`] = `
{
  "props": {
    "_nextI18Next": {
      "initialLocale": "en",
    },
    "dehydratedState": {
      "mutations": [],
      "queries": [
        {
          "queryHash": "["GetStaticContent","en","gb"]",
          "queryKey": [
            "GetStaticContent",
            "en",
            "gb",
          ],
          "state": {
            "data": {
              "footer": {},
              "headerInformation": {},
            },
            "dataUpdateCount": 1,
            "dataUpdatedAt": 1700000000000,
            "error": null,
            "errorUpdateCount": 0,
            "errorUpdatedAt": 0,
            "fetchFailureCount": 0,
            "fetchFailureReason": null,
            "fetchMeta": null,
            "fetchStatus": "idle",
            "isInvalidated": false,
            "status": "success",
          },
        },
        {
          "queryHash": "["getSearchRules","PI"]",
          "queryKey": [
            "getSearchRules",
            "PI",
          ],
          "state": {
            "data": {
              "footer": {},
              "headerInformation": {},
            },
            "dataUpdateCount": 1,
            "dataUpdatedAt": 1700000000000,
            "error": null,
            "errorUpdateCount": 0,
            "errorUpdatedAt": 0,
            "fetchFailureCount": 0,
            "fetchFailureReason": null,
            "fetchMeta": null,
            "fetchStatus": "idle",
            "isInvalidated": false,
            "status": "success",
          },
        },
      ],
    },
    "featureToggles": {},
    "pushRequestClosedCountCookie": 0,
    "pushRequestClosedTimestampCookie": null,
    "shouldHideSearchBar": false,
    "shouldShowHomeBanner": false,
  },
}
`;

exports[`Home page should match the snapshot with user details 1`] = `
<div>
  <div
    class="chakra-stack css-5sxw2r"
  >
    <header
      class="css-13rbvqk"
    >
      <div
        data-testid="Error Boundry"
      >
        <div
          data-testid="PromoCode"
        />
        <div
          data-testid="Header"
        />
      </div>
    </header>
    <main
      class="css-pv7y55"
    >
      <div
        data-testid="Container"
      >
        <div
          data-testid="Error Boundry"
        >
          <form
            autocomplete="off"
            class="css-10whwhh"
          >
            <div
              data-testid="SearchPage"
            />
          </form>
        </div>
      </div>
    </main>
    <div
      class="css-fd14cv"
      id="hotel-details-mobile-basket"
    />
  </div>
</div>
`;
