// Jest Snapshot v1, https://goo.gl/fbAQLP

exports[`Amend Details page should execute getServerSideProps with gb locale 1`] = `
{
  "redirect": {
    "destination": "/en-gb/account/login",
    "permanent": false,
  },
}
`;

exports[`Amend Details page should match the snapshot 1`] = `
<div>
  <div
    data-testid="DefaultLayout"
  >
    <div
      data-testid="ErrorBoundary"
    >
      <div
        data-testid="DetailsPage"
      />
    </div>
  </div>
</div>
`;
