// Jest Snapshot v1, https://goo.gl/fbAQLP

exports[`App page should match the snapshot 1`] = `
<div>
  <iframe
    id="authIframe"
    src="localhost/de/de/business-booker/common/login.html"
    style="display: none;"
    title="BB login"
  />
  <div
    data-testid="UserContextProvider"
  >
    <div
      data-testid="AnalyticsProvider"
    >
      <div
        data-testid="AuthGuard"
      />
      <div
        data-testid="DefaultLayout"
      >
        <div
          data-testid="ErrorBoundary"
        >
          <div>
            test
          </div>
        </div>
      </div>
      <div
        data-testid="CookiePoliciesModalContainer"
      />
      <span
        hidden=""
        id="__chakra_env"
      />
    </div>
  </div>
</div>
`;
